MPLINK 5.08, LINKER
Linker Map File - Created Sat Oct 24 17:36:59 2020

                                 Section Info
                  Section       Type    Address   Location Size(Bytes)
                ---------  ---------  ---------  ---------  ---------
                 RES_VECT       code   0x000000    program   0x000002
                   .cinit    romdata   0x000001    program   0x000004
                 ISR_VECT       code   0x000004    program   0x00009c
                MAIN_PROG       code   0x000052    program   0x00011e
.config_2007_BUILD/DEFAULT/PRODUCTION/PROYECT       code   0x002007    program   0x000002
.config_2008_BUILD/DEFAULT/PRODUCTION/PROYECT       code   0x002008    program   0x000002
                  GPR_VAR      udata   0x000020       data   0x000010



                              Program Memory Usage 
                               Start         End      
                           ---------   ---------      
                            0x000000    0x000002      
                            0x000004    0x0000e0      
                            0x002007    0x002008      
            226 out of 8455 program addresses used, program memory utilization is 2%



                              Symbols - Sorted by Name
                     Name    Address   Location    Storage File                     
                ---------  ---------  ---------  --------- ---------                
                  CONFIG1   0x0000d8    program     static C:\Users\servi\MPLABXProjects\proyecto_2.X\proyecto2.asm
                  CONFIG2   0x0000de    program     static C:\Users\servi\MPLABXProjects\proyecto_2.X\proyecto2.asm
               CONFIG_ADC   0x000090    program     static C:\Users\servi\MPLABXProjects\proyecto_2.X\proyecto2.asm
         CONFIG_INTERRUPT   0x0000a2    program     static C:\Users\servi\MPLABXProjects\proyecto_2.X\proyecto2.asm
                CONFIG_IO   0x000076    program     static C:\Users\servi\MPLABXProjects\proyecto_2.X\proyecto2.asm
               CONFIG_OSC   0x00008b    program     static C:\Users\servi\MPLABXProjects\proyecto_2.X\proyecto2.asm
            CONFIG_SERIAL   0x0000b1    program     static C:\Users\servi\MPLABXProjects\proyecto_2.X\proyecto2.asm
         CONFIG_SERIALSSS   0x0000c8    program     static C:\Users\servi\MPLABXProjects\proyecto_2.X\proyecto2.asm
               CONFIG_TMR   0x000098    program     static C:\Users\servi\MPLABXProjects\proyecto_2.X\proyecto2.asm
                 COSO_ADC   0x00001e    program     static C:\Users\servi\MPLABXProjects\proyecto_2.X\proyecto2.asm
                  COSO_RX   0x000037    program     static C:\Users\servi\MPLABXProjects\proyecto_2.X\proyecto2.asm
                  COSO_TX   0x00002f    program     static C:\Users\servi\MPLABXProjects\proyecto_2.X\proyecto2.asm
                  DELAY_1   0x0000d6    program     static C:\Users\servi\MPLABXProjects\proyecto_2.X\proyecto2.asm
                  DELAY_2   0x0000dc    program     static C:\Users\servi\MPLABXProjects\proyecto_2.X\proyecto2.asm
                 DISPLAY1   0x000066    program     static C:\Users\servi\MPLABXProjects\proyecto_2.X\proyecto2.asm
                 DISPLAY2   0x00006e    program     static C:\Users\servi\MPLABXProjects\proyecto_2.X\proyecto2.asm
                 DISPLAYS   0x000062    program     static C:\Users\servi\MPLABXProjects\proyecto_2.X\proyecto2.asm
                    EJE_X   0x000020    program     static C:\Users\servi\MPLABXProjects\proyecto_2.X\proyecto2.asm
                    EJE_Y   0x000027    program     static C:\Users\servi\MPLABXProjects\proyecto_2.X\proyecto2.asm
              ENVIAR_EJEX   0x000031    program     static C:\Users\servi\MPLABXProjects\proyecto_2.X\proyecto2.asm
              ENVIAR_EJEY   0x000034    program     static C:\Users\servi\MPLABXProjects\proyecto_2.X\proyecto2.asm
                 FUE_TMR0   0x000019    program     static C:\Users\servi\MPLABXProjects\proyecto_2.X\proyecto2.asm
                 FUE_TMR2   0x000015    program     static C:\Users\servi\MPLABXProjects\proyecto_2.X\proyecto2.asm
                      ISR   0x000008    program     static C:\Users\servi\MPLABXProjects\proyecto_2.X\proyecto2.asm
                     LOOP   0x000059    program     static C:\Users\servi\MPLABXProjects\proyecto_2.X\proyecto2.asm
                      POP   0x000010    program     static C:\Users\servi\MPLABXProjects\proyecto_2.X\proyecto2.asm
                     PUSH   0x000004    program     static C:\Users\servi\MPLABXProjects\proyecto_2.X\proyecto2.asm
              RECIBIDOS_Y   0x00003c    program     static C:\Users\servi\MPLABXProjects\proyecto_2.X\proyecto2.asm
                RECIIDO_X   0x000039    program     static C:\Users\servi\MPLABXProjects\proyecto_2.X\proyecto2.asm
                    START   0x000052    program     static C:\Users\servi\MPLABXProjects\proyecto_2.X\proyecto2.asm
                    TABLA   0x00003f    program     static C:\Users\servi\MPLABXProjects\proyecto_2.X\proyecto2.asm
                 TERMINAR   0x00002d    program     static C:\Users\servi\MPLABXProjects\proyecto_2.X\proyecto2.asm
                 BANDERAS   0x000022       data     static C:\Users\servi\MPLABXProjects\proyecto_2.X\proyecto2.asm
                DISPLAY_1   0x000027       data     static C:\Users\servi\MPLABXProjects\proyecto_2.X\proyecto2.asm
                DISPLAY_2   0x000028       data     static C:\Users\servi\MPLABXProjects\proyecto_2.X\proyecto2.asm
                DISPLAY_3   0x000029       data     static C:\Users\servi\MPLABXProjects\proyecto_2.X\proyecto2.asm
                DISPLAY_4   0x00002a       data     static C:\Users\servi\MPLABXProjects\proyecto_2.X\proyecto2.asm
                      EJE   0x00002b       data     static C:\Users\servi\MPLABXProjects\proyecto_2.X\proyecto2.asm
                 ENVIAR_X   0x00002e       data     static C:\Users\servi\MPLABXProjects\proyecto_2.X\proyecto2.asm
                 ENVIAR_Y   0x00002c       data     static C:\Users\servi\MPLABXProjects\proyecto_2.X\proyecto2.asm
                 NIBBLE_H   0x000020       data     static C:\Users\servi\MPLABXProjects\proyecto_2.X\proyecto2.asm
                 NIBBLE_L   0x000021       data     static C:\Users\servi\MPLABXProjects\proyecto_2.X\proyecto2.asm
               RECIBIDO_X   0x00002f       data     static C:\Users\servi\MPLABXProjects\proyecto_2.X\proyecto2.asm
               RECIBIDO_Y   0x00002d       data     static C:\Users\servi\MPLABXProjects\proyecto_2.X\proyecto2.asm
                 TIEMPO_1   0x000025       data     static C:\Users\servi\MPLABXProjects\proyecto_2.X\proyecto2.asm
                 TIEMPO_2   0x000026       data     static C:\Users\servi\MPLABXProjects\proyecto_2.X\proyecto2.asm
               VAR_STATUS   0x000024       data     static C:\Users\servi\MPLABXProjects\proyecto_2.X\proyecto2.asm
                   W_TEMP   0x000023       data     static C:\Users\servi\MPLABXProjects\proyecto_2.X\proyecto2.asm



                              Symbols - Sorted by Address
                     Name    Address   Location    Storage File                     
                ---------  ---------  ---------  --------- ---------                
                     PUSH   0x000004    program     static C:\Users\servi\MPLABXProjects\proyecto_2.X\proyecto2.asm
                      ISR   0x000008    program     static C:\Users\servi\MPLABXProjects\proyecto_2.X\proyecto2.asm
                      POP   0x000010    program     static C:\Users\servi\MPLABXProjects\proyecto_2.X\proyecto2.asm
                 FUE_TMR2   0x000015    program     static C:\Users\servi\MPLABXProjects\proyecto_2.X\proyecto2.asm
                 FUE_TMR0   0x000019    program     static C:\Users\servi\MPLABXProjects\proyecto_2.X\proyecto2.asm
                 COSO_ADC   0x00001e    program     static C:\Users\servi\MPLABXProjects\proyecto_2.X\proyecto2.asm
                    EJE_X   0x000020    program     static C:\Users\servi\MPLABXProjects\proyecto_2.X\proyecto2.asm
                    EJE_Y   0x000027    program     static C:\Users\servi\MPLABXProjects\proyecto_2.X\proyecto2.asm
                 TERMINAR   0x00002d    program     static C:\Users\servi\MPLABXProjects\proyecto_2.X\proyecto2.asm
                  COSO_TX   0x00002f    program     static C:\Users\servi\MPLABXProjects\proyecto_2.X\proyecto2.asm
              ENVIAR_EJEX   0x000031    program     static C:\Users\servi\MPLABXProjects\proyecto_2.X\proyecto2.asm
              ENVIAR_EJEY   0x000034    program     static C:\Users\servi\MPLABXProjects\proyecto_2.X\proyecto2.asm
                  COSO_RX   0x000037    program     static C:\Users\servi\MPLABXProjects\proyecto_2.X\proyecto2.asm
                RECIIDO_X   0x000039    program     static C:\Users\servi\MPLABXProjects\proyecto_2.X\proyecto2.asm
              RECIBIDOS_Y   0x00003c    program     static C:\Users\servi\MPLABXProjects\proyecto_2.X\proyecto2.asm
                    TABLA   0x00003f    program     static C:\Users\servi\MPLABXProjects\proyecto_2.X\proyecto2.asm
                    START   0x000052    program     static C:\Users\servi\MPLABXProjects\proyecto_2.X\proyecto2.asm
                     LOOP   0x000059    program     static C:\Users\servi\MPLABXProjects\proyecto_2.X\proyecto2.asm
                 DISPLAYS   0x000062    program     static C:\Users\servi\MPLABXProjects\proyecto_2.X\proyecto2.asm
                 DISPLAY1   0x000066    program     static C:\Users\servi\MPLABXProjects\proyecto_2.X\proyecto2.asm
                 DISPLAY2   0x00006e    program     static C:\Users\servi\MPLABXProjects\proyecto_2.X\proyecto2.asm
                CONFIG_IO   0x000076    program     static C:\Users\servi\MPLABXProjects\proyecto_2.X\proyecto2.asm
               CONFIG_OSC   0x00008b    program     static C:\Users\servi\MPLABXProjects\proyecto_2.X\proyecto2.asm
               CONFIG_ADC   0x000090    program     static C:\Users\servi\MPLABXProjects\proyecto_2.X\proyecto2.asm
               CONFIG_TMR   0x000098    program     static C:\Users\servi\MPLABXProjects\proyecto_2.X\proyecto2.asm
         CONFIG_INTERRUPT   0x0000a2    program     static C:\Users\servi\MPLABXProjects\proyecto_2.X\proyecto2.asm
            CONFIG_SERIAL   0x0000b1    program     static C:\Users\servi\MPLABXProjects\proyecto_2.X\proyecto2.asm
         CONFIG_SERIALSSS   0x0000c8    program     static C:\Users\servi\MPLABXProjects\proyecto_2.X\proyecto2.asm
                  DELAY_1   0x0000d6    program     static C:\Users\servi\MPLABXProjects\proyecto_2.X\proyecto2.asm
                  CONFIG1   0x0000d8    program     static C:\Users\servi\MPLABXProjects\proyecto_2.X\proyecto2.asm
                  DELAY_2   0x0000dc    program     static C:\Users\servi\MPLABXProjects\proyecto_2.X\proyecto2.asm
                  CONFIG2   0x0000de    program     static C:\Users\servi\MPLABXProjects\proyecto_2.X\proyecto2.asm
                 NIBBLE_H   0x000020       data     static C:\Users\servi\MPLABXProjects\proyecto_2.X\proyecto2.asm
                 NIBBLE_L   0x000021       data     static C:\Users\servi\MPLABXProjects\proyecto_2.X\proyecto2.asm
                 BANDERAS   0x000022       data     static C:\Users\servi\MPLABXProjects\proyecto_2.X\proyecto2.asm
                   W_TEMP   0x000023       data     static C:\Users\servi\MPLABXProjects\proyecto_2.X\proyecto2.asm
               VAR_STATUS   0x000024       data     static C:\Users\servi\MPLABXProjects\proyecto_2.X\proyecto2.asm
                 TIEMPO_1   0x000025       data     static C:\Users\servi\MPLABXProjects\proyecto_2.X\proyecto2.asm
                 TIEMPO_2   0x000026       data     static C:\Users\servi\MPLABXProjects\proyecto_2.X\proyecto2.asm
                DISPLAY_1   0x000027       data     static C:\Users\servi\MPLABXProjects\proyecto_2.X\proyecto2.asm
                DISPLAY_2   0x000028       data     static C:\Users\servi\MPLABXProjects\proyecto_2.X\proyecto2.asm
                DISPLAY_3   0x000029       data     static C:\Users\servi\MPLABXProjects\proyecto_2.X\proyecto2.asm
                DISPLAY_4   0x00002a       data     static C:\Users\servi\MPLABXProjects\proyecto_2.X\proyecto2.asm
                      EJE   0x00002b       data     static C:\Users\servi\MPLABXProjects\proyecto_2.X\proyecto2.asm
                 ENVIAR_Y   0x00002c       data     static C:\Users\servi\MPLABXProjects\proyecto_2.X\proyecto2.asm
               RECIBIDO_Y   0x00002d       data     static C:\Users\servi\MPLABXProjects\proyecto_2.X\proyecto2.asm
                 ENVIAR_X   0x00002e       data     static C:\Users\servi\MPLABXProjects\proyecto_2.X\proyecto2.asm
               RECIBIDO_X   0x00002f       data     static C:\Users\servi\MPLABXProjects\proyecto_2.X\proyecto2.asm


