MPLINK 5.08, LINKER
Linker Map File - Created Fri Oct 23 23:40:27 2020

                                 Section Info
                  Section       Type    Address   Location Size(Bytes)
                ---------  ---------  ---------  ---------  ---------
                 RES_VECT       code   0x000000    program   0x000002
                   .cinit    romdata   0x000001    program   0x000004
                 ISR_VECT       code   0x000004    program   0x000070
                MAIN_PROG       code   0x00003c    program   0x0000e8
.config_2007_BUILD/DEFAULT/PRODUCTION/PROYECT       code   0x002007    program   0x000002
.config_2008_BUILD/DEFAULT/PRODUCTION/PROYECT       code   0x002008    program   0x000002
                  GPR_VAR      udata   0x000020       data   0x00000d



                              Program Memory Usage 
                               Start         End      
                           ---------   ---------      
                            0x000000    0x000002      
                            0x000004    0x0000af      
                            0x002007    0x002008      
            177 out of 8455 program addresses used, program memory utilization is 2%



                              Symbols - Sorted by Name
                     Name    Address   Location    Storage File                     
                ---------  ---------  ---------  --------- ---------                
               CONFIG_ADC   0x000077    program     static C:\Users\servi\MPLABXProjects\proyecto_2.X\proyecto2.asm
         CONFIG_INTERRUPT   0x000089    program     static C:\Users\servi\MPLABXProjects\proyecto_2.X\proyecto2.asm
                CONFIG_IO   0x000060    program     static C:\Users\servi\MPLABXProjects\proyecto_2.X\proyecto2.asm
               CONFIG_OSC   0x000072    program     static C:\Users\servi\MPLABXProjects\proyecto_2.X\proyecto2.asm
            CONFIG_SERIAL   0x000099    program     static C:\Users\servi\MPLABXProjects\proyecto_2.X\proyecto2.asm
               CONFIG_TMR   0x00007f    program     static C:\Users\servi\MPLABXProjects\proyecto_2.X\proyecto2.asm
                 COSO_ADC   0x00001e    program     static C:\Users\servi\MPLABXProjects\proyecto_2.X\proyecto2.asm
                  COSO_RX   0x000026    program     static C:\Users\servi\MPLABXProjects\proyecto_2.X\proyecto2.asm
                  COSO_TX   0x000023    program     static C:\Users\servi\MPLABXProjects\proyecto_2.X\proyecto2.asm
                 DISPLAY1   0x000050    program     static C:\Users\servi\MPLABXProjects\proyecto_2.X\proyecto2.asm
                 DISPLAY2   0x000058    program     static C:\Users\servi\MPLABXProjects\proyecto_2.X\proyecto2.asm
                 DISPLAYS   0x00004c    program     static C:\Users\servi\MPLABXProjects\proyecto_2.X\proyecto2.asm
                 FUE_TMR0   0x000019    program     static C:\Users\servi\MPLABXProjects\proyecto_2.X\proyecto2.asm
                 FUE_TMR2   0x000015    program     static C:\Users\servi\MPLABXProjects\proyecto_2.X\proyecto2.asm
                      ISR   0x000008    program     static C:\Users\servi\MPLABXProjects\proyecto_2.X\proyecto2.asm
                     LOOP   0x000043    program     static C:\Users\servi\MPLABXProjects\proyecto_2.X\proyecto2.asm
                      POP   0x000010    program     static C:\Users\servi\MPLABXProjects\proyecto_2.X\proyecto2.asm
                     PUSH   0x000004    program     static C:\Users\servi\MPLABXProjects\proyecto_2.X\proyecto2.asm
                    START   0x00003c    program     static C:\Users\servi\MPLABXProjects\proyecto_2.X\proyecto2.asm
                    TABLA   0x000029    program     static C:\Users\servi\MPLABXProjects\proyecto_2.X\proyecto2.asm
                 BANDERAS   0x000023       data     static C:\Users\servi\MPLABXProjects\proyecto_2.X\proyecto2.asm
                DISPLAY_1   0x000029       data     static C:\Users\servi\MPLABXProjects\proyecto_2.X\proyecto2.asm
                DISPLAY_2   0x00002a       data     static C:\Users\servi\MPLABXProjects\proyecto_2.X\proyecto2.asm
                DISPLAY_3   0x00002b       data     static C:\Users\servi\MPLABXProjects\proyecto_2.X\proyecto2.asm
                DISPLAY_4   0x00002c       data     static C:\Users\servi\MPLABXProjects\proyecto_2.X\proyecto2.asm
                   ENVIAR   0x000028       data     static C:\Users\servi\MPLABXProjects\proyecto_2.X\proyecto2.asm
                 NIBBLE_H   0x000021       data     static C:\Users\servi\MPLABXProjects\proyecto_2.X\proyecto2.asm
                 NIBBLE_L   0x000022       data     static C:\Users\servi\MPLABXProjects\proyecto_2.X\proyecto2.asm
                 RECIBIDO   0x000020       data     static C:\Users\servi\MPLABXProjects\proyecto_2.X\proyecto2.asm
                 TIEMPO_1   0x000026       data     static C:\Users\servi\MPLABXProjects\proyecto_2.X\proyecto2.asm
                 TIEMPO_2   0x000027       data     static C:\Users\servi\MPLABXProjects\proyecto_2.X\proyecto2.asm
               VAR_STATUS   0x000025       data     static C:\Users\servi\MPLABXProjects\proyecto_2.X\proyecto2.asm
                   W_TEMP   0x000024       data     static C:\Users\servi\MPLABXProjects\proyecto_2.X\proyecto2.asm



                              Symbols - Sorted by Address
                     Name    Address   Location    Storage File                     
                ---------  ---------  ---------  --------- ---------                
                     PUSH   0x000004    program     static C:\Users\servi\MPLABXProjects\proyecto_2.X\proyecto2.asm
                      ISR   0x000008    program     static C:\Users\servi\MPLABXProjects\proyecto_2.X\proyecto2.asm
                      POP   0x000010    program     static C:\Users\servi\MPLABXProjects\proyecto_2.X\proyecto2.asm
                 FUE_TMR2   0x000015    program     static C:\Users\servi\MPLABXProjects\proyecto_2.X\proyecto2.asm
                 FUE_TMR0   0x000019    program     static C:\Users\servi\MPLABXProjects\proyecto_2.X\proyecto2.asm
                 COSO_ADC   0x00001e    program     static C:\Users\servi\MPLABXProjects\proyecto_2.X\proyecto2.asm
                  COSO_TX   0x000023    program     static C:\Users\servi\MPLABXProjects\proyecto_2.X\proyecto2.asm
                  COSO_RX   0x000026    program     static C:\Users\servi\MPLABXProjects\proyecto_2.X\proyecto2.asm
                    TABLA   0x000029    program     static C:\Users\servi\MPLABXProjects\proyecto_2.X\proyecto2.asm
                    START   0x00003c    program     static C:\Users\servi\MPLABXProjects\proyecto_2.X\proyecto2.asm
                     LOOP   0x000043    program     static C:\Users\servi\MPLABXProjects\proyecto_2.X\proyecto2.asm
                 DISPLAYS   0x00004c    program     static C:\Users\servi\MPLABXProjects\proyecto_2.X\proyecto2.asm
                 DISPLAY1   0x000050    program     static C:\Users\servi\MPLABXProjects\proyecto_2.X\proyecto2.asm
                 DISPLAY2   0x000058    program     static C:\Users\servi\MPLABXProjects\proyecto_2.X\proyecto2.asm
                CONFIG_IO   0x000060    program     static C:\Users\servi\MPLABXProjects\proyecto_2.X\proyecto2.asm
               CONFIG_OSC   0x000072    program     static C:\Users\servi\MPLABXProjects\proyecto_2.X\proyecto2.asm
               CONFIG_ADC   0x000077    program     static C:\Users\servi\MPLABXProjects\proyecto_2.X\proyecto2.asm
               CONFIG_TMR   0x00007f    program     static C:\Users\servi\MPLABXProjects\proyecto_2.X\proyecto2.asm
         CONFIG_INTERRUPT   0x000089    program     static C:\Users\servi\MPLABXProjects\proyecto_2.X\proyecto2.asm
            CONFIG_SERIAL   0x000099    program     static C:\Users\servi\MPLABXProjects\proyecto_2.X\proyecto2.asm
                 RECIBIDO   0x000020       data     static C:\Users\servi\MPLABXProjects\proyecto_2.X\proyecto2.asm
                 NIBBLE_H   0x000021       data     static C:\Users\servi\MPLABXProjects\proyecto_2.X\proyecto2.asm
                 NIBBLE_L   0x000022       data     static C:\Users\servi\MPLABXProjects\proyecto_2.X\proyecto2.asm
                 BANDERAS   0x000023       data     static C:\Users\servi\MPLABXProjects\proyecto_2.X\proyecto2.asm
                   W_TEMP   0x000024       data     static C:\Users\servi\MPLABXProjects\proyecto_2.X\proyecto2.asm
               VAR_STATUS   0x000025       data     static C:\Users\servi\MPLABXProjects\proyecto_2.X\proyecto2.asm
                 TIEMPO_1   0x000026       data     static C:\Users\servi\MPLABXProjects\proyecto_2.X\proyecto2.asm
                 TIEMPO_2   0x000027       data     static C:\Users\servi\MPLABXProjects\proyecto_2.X\proyecto2.asm
                   ENVIAR   0x000028       data     static C:\Users\servi\MPLABXProjects\proyecto_2.X\proyecto2.asm
                DISPLAY_1   0x000029       data     static C:\Users\servi\MPLABXProjects\proyecto_2.X\proyecto2.asm
                DISPLAY_2   0x00002a       data     static C:\Users\servi\MPLABXProjects\proyecto_2.X\proyecto2.asm
                DISPLAY_3   0x00002b       data     static C:\Users\servi\MPLABXProjects\proyecto_2.X\proyecto2.asm
                DISPLAY_4   0x00002c       data     static C:\Users\servi\MPLABXProjects\proyecto_2.X\proyecto2.asm


